// Vitest Snapshot v1, https://vitest.dev/guide/snapshot.html

exports[`<Button /> > matchs snapshot - cas nominal 1`] = `
<div>
  <button
    class="primary"
    type="button"
  >
    Hello
  </button>
</div>
`;
