// Vitest Snapshot v1, https://vitest.dev/guide/snapshot.html

exports[`<Textbox /> > matchs snapshot 1`] = `
<div>
  <input
    type="text"
  />
</div>
`;
