// Vitest Snapshot v1, https://vitest.dev/guide/snapshot.html

exports[`<Card /> > matchs snapshot 1`] = `
<div>
  <div
    class="card"
  >
    Hello
  </div>
</div>
`;
