// Vitest Snapshot v1, https://vitest.dev/guide/snapshot.html

exports[`<ViewCurrentBudget /> > matchs snapshot 1`] = `
<div>
  <div
    class="container"
  >
    <h2>
      Suivi des dépenses
    </h2>
    <p>
      Total restant : 
      219,4
       €
    </p>
    <div
      class="budget"
    >
      <h3>
        Loisirs
      </h3>
      <div
        class="budget-info"
      >
        <span
          class="budget-type"
        >
          Dépense variable
        </span>
        <span
          class="budget-value"
        >
          5,6€/100€
        </span>
      </div>
      <div
        class="progress-bar"
      >
        <div
          class="progress"
          style="width: 5%;"
        />
      </div>
    </div>
    <div
      class="budget"
    >
      <h3>
        Placement financier
      </h3>
      <div
        class="budget-info"
      >
        <span
          class="budget-type"
        >
          Épargne
        </span>
        <span
          class="budget-value"
        >
          200€
        </span>
      </div>
      <div
        class="progress-bar"
      >
        <div
          class="progress"
          style="width: 100%;"
        />
      </div>
    </div>
    <div
      class="budget"
    >
      <h3>
        Loyer
      </h3>
      <div
        class="budget-info"
      >
        <span
          class="budget-type"
        >
          Dépense fixe
        </span>
        <span
          class="budget-value"
        >
          560€/560€
        </span>
      </div>
      <div
        class="progress-bar"
      >
        <div
          class="progress"
          style="width: 100%;"
        />
      </div>
    </div>
    <div
      class="budget"
    >
      <h3>
        Courses
      </h3>
      <div
        class="budget-info"
      >
        <span
          class="budget-type"
        >
          Dépense variable
        </span>
        <span
          class="budget-value"
        >
          50€/175€
        </span>
      </div>
      <div
        class="progress-bar"
      >
        <div
          class="progress"
          style="width: 28%;"
        />
      </div>
    </div>
  </div>
</div>
`;
